2026-08-22T05:37:30Z RELIABILITY_GATE date=2026-08-22T09:37:30Z head=47f6976332a41006718198f43844e9e4724c1fd8
2026-08-22T05:37:30Z    Compiling nemesis-desktop v0.1.0 (/Users/sicarii/Worktrees/nemesis-desktop-production-recovered/desktop/src-tauri)
2026-08-22T05:37:30Z     Finished `test` profile [unoptimized + debuginfo] target(s) in 0.46s
2026-08-22T05:37:30Z      Running tests/reliability.rs (desktop/src-tauri/target/debug/deps/reliability-1b67f49fafa47867)
2026-08-22T05:37:31Z 
2026-08-22T05:37:31Z running 14 tests
2026-08-22T05:37:31Z test read_only_parent_fails_cleanly ... ok
2026-08-22T05:37:31Z test corrupt_home_manifest_is_refused_without_mutation ... ok
2026-08-22T05:37:31Z test corrupt_last_mission_pointer_is_refused ... ok
2026-08-22T05:37:31Z test missing_last_mission_pointer_is_a_clean_cold_start ... ok
2026-08-22T05:37:31Z test future_schema_home_is_refused_as_downgrade_guard ... ok
2026-08-22T05:37:31Z test leftover_temporary_does_not_block_commit ... ok
2026-08-22T05:37:31Z test stale_atomic_write_temporaries_are_swept_on_init ... ok
2026-08-22T05:37:31Z test symlinked_or_oversized_home_manifest_is_refused ... ok
2026-08-22T05:37:31Z test symlinked_or_oversized_last_mission_pointer_is_refused ... ok
2026-08-22T05:37:31Z test settings_recover_or_refuse_at_the_intended_seam ... ok
2026-08-22T05:37:31Z test settings_persist_and_reverse_across_relaunch ... ok
2026-08-22T05:37:31Z test install_uninstall_reinstall_cycle_is_clean ... ok
2026-08-22T05:37:31Z test repeated_launch_cycles_are_stable ... ok
2026-08-22T05:37:49Z test disk_full_write_preserves_prior_settings ... ok
2026-08-22T05:37:49Z 
2026-08-22T05:37:49Z test result: ok. 14 passed; 0 failed; 0 ignored; 0 measured; 0 filtered out; finished in 18.29s
2026-08-22T05:37:49Z 
2026-08-22T05:37:49Z test_concurrent_create_has_one_authoritative_owner_and_no_duplicate_events (tests.integration.test_daemon_api.DaemonApiTests.test_concurrent_create_has_one_authoritative_owner_and_no_duplicate_events) ... ok
2026-08-22T05:37:49Z test_lifecycle_recovers_and_completion_rejects_stale_evidence (tests.integration.test_daemon_api.DaemonApiTests.test_lifecycle_recovers_and_completion_rejects_stale_evidence) ... ok
2026-08-22T05:37:50Z test_protocol_handles_partial_reads_and_refuses_ambiguous_json (tests.integration.test_daemon_api.DaemonApiTests.test_protocol_handles_partial_reads_and_refuses_ambiguous_json) ... ok
2026-08-22T05:37:50Z test_stale_or_lagging_checkpoint_recovers_from_authoritative_ledger (tests.integration.test_daemon_api.DaemonApiTests.test_stale_or_lagging_checkpoint_recovers_from_authoritative_ledger) ... ok
2026-08-22T05:37:50Z 
2026-08-22T05:37:50Z ----------------------------------------------------------------------
2026-08-22T05:37:50Z Ran 4 tests in 0.582s
2026-08-22T05:37:50Z 
2026-08-22T05:37:50Z OK
2026-08-22T05:37:50Z PASS_PRODUCTION_RELIABILITY
2026-08-22T05:37:50Z RELIABILITY_GATE_EXIT_STATUS=0
