PASS_CONTRACT_INTEGRITY sha256=ebebe1a7b3fc11458d21ee9eedd1b724ad08b38d84372733e0d8beebee532779 bytes=77321 lines=2188
PASS_PRODUCTION_CONTRACT sha256=2485cd682cdedfeb0bfd13ce2aabd51194c72204495de0c12058631cb7c92c87 bytes=26694 lines=320 words=3417
PASS_RELEASE_CONTRACT sha256=8f62d762c30849ec6841b0fbde87004ced41365b456c98c79f6f1bf53c347ccc bytes=12735 lines=137
test_desktop_qa_receipt_is_covered_by_manifest (tests.integration.test_evidence_bundle.EvidenceBundleTests) ... ok
test_unlisted_artifact_is_rejected (tests.integration.test_evidence_bundle.EvidenceBundleTests) ... ok
test_private_absolute_rpaths_are_selected_for_removal (tests.integration.test_macho_sanitizer.MachOSanitizerTests) ... ok
test_gate_metadata_requires_every_terminal_sentinel (tests.integration.test_phase16_receipt_generation.Phase16ReceiptGenerationTests) ... ok
test_generator_runs_as_a_script (tests.integration.test_phase16_receipt_generation.Phase16ReceiptGenerationTests) ... ok
test_receipt_verifies_when_clone_has_a_git_remote (tests.integration.test_phase16_public_verification.Phase16PublicVerificationTests) ... FAIL
test_release_config_bundles_complete_standalone_runtime (tests.integration.test_release_bundle.ReleaseBundleTests) ... ok
test_release_contract_with_private_paths_is_not_bundled (tests.integration.test_release_bundle.ReleaseBundleTests) ... ok
test_private_build_path_and_token_are_rejected (tests.integration.test_release_leaks.ReleaseLeakTests) ... ok
test_manifest_derives_asset_identity_from_bytes (tests.integration.test_release_manifest.ReleaseManifestTests) ... ok
test_prebuilt_layout_resolves_every_backend_executable (tests.integration.test_release_runtime.ReleaseRuntimeTests) ... ok
test_exact_contract_passes_and_one_byte_tamper_rejects (tests.phase0.test_production_contract.ProductionContractTests) ... ok
test_notices_include_shipped_cargo_and_npm_license_texts (tests.integration.test_third_party_notices.ThirdPartyNoticesTests) ... ok

======================================================================
FAIL: test_receipt_verifies_when_clone_has_a_git_remote (tests.integration.test_phase16_public_verification.Phase16PublicVerificationTests)
----------------------------------------------------------------------
Traceback (most recent call last):
  File "/Users/sicarii/Worktrees/nemesis-desktop-production-recovered/tests/integration/test_phase16_public_verification.py", line 23, in test_receipt_verifies_when_clone_has_a_git_remote
    self.assertEqual(result.returncode, 0, result.stdout + result.stderr)
AssertionError: 1 != 0 : FAIL_PHASE16_RECEIPT dirty_covered_source


----------------------------------------------------------------------
Ran 13 tests in 0.230s

FAILED (failures=1)
VERIFY_COMPLETE_FINISHED_AT=2026-08-22T04:03:18Z
VERIFY_COMPLETE_EXIT_STATUS=1
